第一次学习，建立了文件，先在本地建的，然后 注册 了账户在Git上，名字q111111jf,邮箱ok....@126.com

Username for 'https://github.com': q111111jf 齐金峰 注释：这里用的 默认 的 https 方式，不成功
fatal: ArgumentNullException encountered.
   ?????? null??
??????: path
remote: Invalid username or password.
fatal: Authentication failed for 'https://github.com/q111111jf/lerngit.git/'

Administrator@ADMIN MINGW32 ~/learngit (master)
$ git remote add origin git@github.com:q111111jf/lerngit.git
fatal: remote origin already exists.

Administrator@ADMIN MINGW32 ~/learngit (master)
$ git push -u origin  master
fatal: ArgumentNullException encountered.
   ?????? null??
??????: path
Username for 'https://github.com':
fatal: ArgumentNullException encountered.
   ?????? null??
??????: path
remote: Anonymous access to q111111jf/lerngit.git denied.
fatal: Authentication failed for 'https://github.com/q111111jf/lerngit.git/'

Administrator@ADMIN MINGW32 ~/learngit (master)
$ git push -u origin  master
fatal: ArgumentNullException encountered.
   ?????? null??
??????: path
Username for 'https://github.com': q111111jf
fatal: ArgumentNullException encountered.
   ?????? null??
??????: path
remote: Invalid username or password.
fatal: Authentication failed for 'https://github.com/q111111jf/lerngit.git/'

Administrator@ADMIN MINGW32 ~/learngit (master)
$ git remote add origin1 git@github.com:q111111jf/lerngit.git 齐金峰 注释：这里改变 默认 的 https 方式，为 SHH 方式 成功

Administrator@ADMIN MINGW32 ~/learngit (master)
$ git push -u origin1 master
The authenticity of host 'github.com (52.74.223.119)' can't be established.
RSA key fingerprint is SHA256:nThbg6kXUpJWGl7E1IGOCspRomTxdCARLviKw6E5SY8.
Are you sure you want to continue connecting (yes/no)? y
Please type 'yes' or 'no': yes
Warning: Permanently added 'github.com,52.74.223.119' (RSA) to the list of known hosts.
Counting objects: 9, done.
Delta compression using up to 4 threads.
Compressing objects: 100% (6/6), done.
Writing objects: 100% (9/9), 738 bytes | 61.00 KiB/s, done.
Total 9 (delta 1), reused 0 (delta 0)
remote: Resolving deltas: 100% (1/1), done.
To github.com:q111111jf/lerngit.git
 * [new branch]      master -> master
Branch 'master' set up to track remote branch 'master' from 'origin1'.

Administrator@ADMIN MINGW32 ~/learngit (master)
$ git status
On branch master
Your branch is up to date with 'origin1/master'.

Untracked files:
  (use "git add <file>..." to include in what will be committed)

        first_xuexi.txt

nothing added to commit but untracked files present (use "git add" to track)

Administrator@ADMIN MINGW32 ~/learngit (master)
$ git add first_xuexi.txt

Administrator@ADMIN MINGW32 ~/learngit (master)
$ git commit -u "diyicisc xuexi"
error: pathspec 'diyicisc xuexi' did not match any file(s) known to git.

Administrator@ADMIN MINGW32 ~/learngit (master)
$ git commit -m "diyici sc xuexi"
[master 61a71d6] diyici sc xuexi
 1 file changed, 1 insertion(+)
 create mode 100644 first_xuexi.txt

Administrator@ADMIN MINGW32 ~/learngit (master)
$ git push -u origin1 master
Counting objects: 3, done.
Delta compression using up to 4 threads.
Compressing objects: 100% (3/3), done.
Writing objects: 100% (3/3), 377 bytes | 75.00 KiB/s, done.
Total 3 (delta 0), reused 0 (delta 0)
To github.com:q111111jf/lerngit.git
   b2d6815..61a71d6  master -> master
Branch 'master' set up to track remote branch 'master' from 'origin1'.
